// Jest Snapshot v1, https://goo.gl/fbAQLP

exports[`Puebas en <GifItem/> Debe hacer match con el snapshot 1`] = `
<div>
  <div
    class="card"
  >
    <img
      alt="Saitama"
      src="http:/localhost"
    />
    <p>
      Saitama
    </p>
  </div>
</div>
`;
